{"array":[],"array_state":[],"col":0,"depth":0,"heap_delta":0,"indices":[],"op":"init","parent_id":0,"row":0,"run_length":1,"step_id":0,"value":0,"vars":{"phase":"init","w":"0"}}
{"array":[],"array_state":[],"col":1,"depth":0,"heap_delta":0,"indices":[],"op":"init","parent_id":0,"row":0,"run_length":1,"step_id":1,"value":0,"vars":{"phase":"init","w":"1"}}
{"array":[],"array_state":[],"col":2,"depth":0,"heap_delta":0,"indices":[],"op":"init","parent_id":0,"row":0,"run_length":1,"step_id":2,"value":0,"vars":{"phase":"init","w":"2"}}
{"array":[],"array_state":[],"col":3,"depth":0,"heap_delta":0,"indices":[],"op":"init","parent_id":0,"row":0,"run_length":1,"step_id":3,"value":0,"vars":{"phase":"init","w":"3"}}
{"array":[],"array_state":[],"col":4,"depth":0,"heap_delta":0,"indices":[],"op":"init","parent_id":0,"row":0,"run_length":1,"step_id":4,"value":0,"vars":{"phase":"init","w":"4"}}
{"array":[],"array_state":[],"col":5,"depth":0,"heap_delta":0,"indices":[],"op":"init","parent_id":0,"row":0,"run_length":1,"step_id":5,"value":0,"vars":{"phase":"init","w":"5"}}
{"array":[],"array_state":[],"col":6,"depth":0,"heap_delta":0,"indices":[],"op":"init","parent_id":0,"row":0,"run_length":1,"step_id":6,"value":0,"vars":{"phase":"init","w":"6"}}
{"array":[],"array_state":[],"col":7,"depth":0,"heap_delta":0,"indices":[],"op":"init","parent_id":0,"row":0,"run_length":1,"step_id":7,"value":0,"vars":{"phase":"init","w":"7"}}
{"array":[],"array_state":[],"col":8,"depth":0,"heap_delta":0,"indices":[],"op":"init","parent_id":0,"row":0,"run_length":1,"step_id":8,"value":0,"vars":{"phase":"init","w":"8"}}
{"array":[],"array_state":[],"col":9,"depth":0,"heap_delta":0,"indices":[],"op":"init","parent_id":0,"row":0,"run_length":1,"step_id":9,"value":0,"vars":{"phase":"init","w":"9"}}
{"array":[],"array_state":[],"col":10,"depth":0,"heap_delta":0,"indices":[],"op":"init","parent_id":0,"row":0,"run_length":1,"step_id":10,"value":0,"vars":{"phase":"init","w":"10"}}
{"array":[],"array_state":[],"col":0,"depth":1,"from_col":0,"from_row":0,"heap_delta":0,"indices":[],"op":"depend","parent_id":0,"row":1,"run_length":1,"step_id":11,"value":0,"vars":{"item":"1","option":"exclude","value_i":"3","w":"0","weight_i":"2"}}
{"array":[],"array_state":[],"col":0,"depth":0,"heap_delta":0,"indices":[],"op":"fill_cell","parent_id":0,"row":1,"run_length":1,"step_id":12,"value":0,"vars":{"choice":"exclude","item":"1","value":"0","w":"0"}}
{"array":[],"array_state":[],"col":1,"depth":1,"from_col":1,"from_row":0,"heap_delta":0,"indices":[],"op":"depend","parent_id":0,"row":1,"run_length":1,"step_id":13,"value":0,"vars":{"item":"1","option":"exclude","value_i":"3","w":"1","weight_i":"2"}}
{"array":[],"array_state":[],"col":1,"depth":0,"heap_delta":0,"indices":[],"op":"fill_cell","parent_id":0,"row":1,"run_length":1,"step_id":14,"value":0,"vars":{"choice":"exclude","item":"1","value":"0","w":"1"}}
{"array":[],"array_state":[],"col":2,"depth":1,"from_col":2,"from_row":0,"heap_delta":0,"indices":[],"op":"depend","parent_id":0,"row":1,"run_length":1,"step_id":15,"value":0,"vars":{"item":"1","option":"exclude","value_i":"3","w":"2","weight_i":"2"}}
{"array":[],"array_state":[],"col":2,"depth":1,"from_col":0,"from_row":0,"heap_delta":0,"indices":[],"op":"depend","parent_id":0,"row":1,"run_length":1,"step_id":16,"value":3,"vars":{"from_w":"0","item":"1","option":"include","profit":"3"}}
{"array":[],"array_state":[],"col":2,"depth":0,"heap_delta":0,"indices":[],"op":"fill_cell","parent_id":0,"row":1,"run_length":1,"step_id":17,"value":3,"vars":{"choice":"include","item":"1","value":"3","w":"2"}}
{"array":[],"array_state":[],"col":3,"depth":1,"from_col":3,"from_row":0,"heap_delta":0,"indices":[],"op":"depend","parent_id":0,"row":1,"run_length":1,"step_id":18,"value":0,"vars":{"item":"1","option":"exclude","value_i":"3","w":"3","weight_i":"2"}}
{"array":[],"array_state":[],"col":3,"depth":1,"from_col":1,"from_row":0,"heap_delta":0,"indices":[],"op":"depend","parent_id":0,"row":1,"run_length":1,"step_id":19,"value":3,"vars":{"from_w":"1","item":"1","option":"include","profit":"3"}}
{"array":[],"array_state":[],"col":3,"depth":0,"heap_delta":0,"indices":[],"op":"fill_cell","parent_id":0,"row":1,"run_length":1,"step_id":20,"value":3,"vars":{"choice":"include","item":"1","value":"3","w":"3"}}
{"array":[],"array_state":[],"col":4,"depth":1,"from_col":4,"from_row":0,"heap_delta":0,"indices":[],"op":"depend","parent_id":0,"row":1,"run_length":1,"step_id":21,"value":0,"vars":{"item":"1","option":"exclude","value_i":"3","w":"4","weight_i":"2"}}
{"array":[],"array_state":[],"col":4,"depth":1,"from_col":2,"from_row":0,"heap_delta":0,"indices":[],"op":"depend","parent_id":0,"row":1,"run_length":1,"step_id":22,"value":3,"vars":{"from_w":"2","item":"1","option":"include","profit":"3"}}
{"array":[],"array_state":[],"col":4,"depth":0,"heap_delta":0,"indices":[],"op":"fill_cell","parent_id":0,"row":1,"run_length":1,"step_id":23,"value":3,"vars":{"choice":"include","item":"1","value":"3","w":"4"}}
{"array":[],"array_state":[],"col":5,"depth":1,"from_col":5,"from_row":0,"heap_delta":0,"indices":[],"op":"depend","parent_id":0,"row":1,"run_length":1,"step_id":24,"value":0,"vars":{"item":"1","option":"exclude","value_i":"3","w":"5","weight_i":"2"}}
{"array":[],"array_state":[],"col":5,"depth":1,"from_col":3,"from_row":0,"heap_delta":0,"indices":[],"op":"depend","parent_id":0,"row":1,"run_length":1,"step_id":25,"value":3,"vars":{"from_w":"3","item":"1","option":"include","profit":"3"}}
{"array":[],"array_state":[],"col":5,"depth":0,"heap_delta":0,"indices":[],"op":"fill_cell","parent_id":0,"row":1,"run_length":1,"step_id":26,"value":3,"vars":{"choice":"include","item":"1","value":"3","w":"5"}}
{"array":[],"array_state":[],"col":6,"depth":1,"from_col":6,"from_row":0,"heap_delta":0,"indices":[],"op":"depend","parent_id":0,"row":1,"run_length":1,"step_id":27,"value":0,"vars":{"item":"1","option":"exclude","value_i":"3","w":"6","weight_i":"2"}}
{"array":[],"array_state":[],"col":6,"depth":1,"from_col":4,"from_row":0,"heap_delta":0,"indices":[],"op":"depend","parent_id":0,"row":1,"run_length":1,"step_id":28,"value":3,"vars":{"from_w":"4","item":"1","option":"include","profit":"3"}}
{"array":[],"array_state":[],"col":6,"depth":0,"heap_delta":0,"indices":[],"op":"fill_cell","parent_id":0,"row":1,"run_length":1,"step_id":29,"value":3,"vars":{"choice":"include","item":"1","value":"3","w":"6"}}
{"array":[],"array_state":[],"col":7,"depth":1,"from_col":7,"from_row":0,"heap_delta":0,"indices":[],"op":"depend","parent_id":0,"row":1,"run_length":1,"step_id":30,"value":0,"vars":{"item":"1","option":"exclude","value_i":"3","w":"7","weight_i":"2"}}
{"array":[],"array_state":[],"col":7,"depth":1,"from_col":5,"from_row":0,"heap_delta":0,"indices":[],"op":"depend","parent_id":0,"row":1,"run_length":1,"step_id":31,"value":3,"vars":{"from_w":"5","item":"1","option":"include","profit":"3"}}
{"array":[],"array_state":[],"col":7,"depth":0,"heap_delta":0,"indices":[],"op":"fill_cell","parent_id":0,"row":1,"run_length":1,"step_id":32,"value":3,"vars":{"choice":"include","item":"1","value":"3","w":"7"}}
{"array":[],"array_state":[],"col":8,"depth":1,"from_col":8,"from_row":0,"heap_delta":0,"indices":[],"op":"depend","parent_id":0,"row":1,"run_length":1,"step_id":33,"value":0,"vars":{"item":"1","option":"exclude","value_i":"3","w":"8","weight_i":"2"}}
{"array":[],"array_state":[],"col":8,"depth":1,"from_col":6,"from_row":0,"heap_delta":0,"indices":[],"op":"depend","parent_id":0,"row":1,"run_length":1,"step_id":34,"value":3,"vars":{"from_w":"6","item":"1","option":"include","profit":"3"}}
{"array":[],"array_state":[],"col":8,"depth":0,"heap_delta":0,"indices":[],"op":"fill_cell","parent_id":0,"row":1,"run_length":1,"step_id":35,"value":3,"vars":{"choice":"include","item":"1","value":"3","w":"8"}}
{"array":[],"array_state":[],"col":9,"depth":1,"from_col":9,"from_row":0,"heap_delta":0,"indices":[],"op":"depend","parent_id":0,"row":1,"run_length":1,"step_id":36,"value":0,"vars":{"item":"1","option":"exclude","value_i":"3","w":"9","weight_i":"2"}}
{"array":[],"array_state":[],"col":9,"depth":1,"from_col":7,"from_row":0,"heap_delta":0,"indices":[],"op":"depend","parent_id":0,"row":1,"run_length":1,"step_id":37,"value":3,"vars":{"from_w":"7","item":"1","option":"include","profit":"3"}}
{"array":[],"array_state":[],"col":9,"depth":0,"heap_delta":0,"indices":[],"op":"fill_cell","parent_id":0,"row":1,"run_length":1,"step_id":38,"value":3,"vars":{"choice":"include","item":"1","value":"3","w":"9"}}
{"array":[],"array_state":[],"col":10,"depth":1,"from_col":10,"from_row":0,"heap_delta":0,"indices":[],"op":"depend","parent_id":0,"row":1,"run_length":1,"step_id":39,"value":0,"vars":{"item":"1","option":"exclude","value_i":"3","w":"10","weight_i":"2"}}
{"array":[],"array_state":[],"col":10,"depth":1,"from_col":8,"from_row":0,"heap_delta":0,"indices":[],"op":"depend","parent_id":0,"row":1,"run_length":1,"step_id":40,"value":3,"vars":{"from_w":"8","item":"1","option":"include","profit":"3"}}
{"array":[],"array_state":[],"col":10,"depth":0,"heap_delta":0,"indices":[],"op":"fill_cell","parent_id":0,"row":1,"run_length":1,"step_id":41,"value":3,"vars":{"choice":"include","item":"1","value":"3","w":"10"}}
{"array":[],"array_state":[],"col":0,"depth":1,"from_col":0,"from_row":1,"heap_delta":0,"indices":[],"op":"depend","parent_id":0,"row":2,"run_length":1,"step_id":42,"value":0,"vars":{"item":"2","option":"exclude","value_i":"4","w":"0","weight_i":"3"}}
{"array":[],"array_state":[],"col":0,"depth":0,"heap_delta":0,"indices":[],"op":"fill_cell","parent_id":0,"row":2,"run_length":1,"step_id":43,"value":0,"vars":{"choice":"exclude","item":"2","value":"0","w":"0"}}
{"array":[],"array_state":[],"col":1,"depth":1,"from_col":1,"from_row":1,"heap_delta":0,"indices":[],"op":"depend","parent_id":0,"row":2,"run_length":1,"step_id":44,"value":0,"vars":{"item":"2","option":"exclude","value_i":"4","w":"1","weight_i":"3"}}
{"array":[],"array_state":[],"col":1,"depth":0,"heap_delta":0,"indices":[],"op":"fill_cell","parent_id":0,"row":2,"run_length":1,"step_id":45,"value":0,"vars":{"choice":"exclude","item":"2","value":"0","w":"1"}}
{"array":[],"array_state":[],"col":2,"depth":1,"from_col":2,"from_row":1,"heap_delta":0,"indices":[],"op":"depend","parent_id":0,"row":2,"run_length":1,"step_id":46,"value":3,"vars":{"item":"2","option":"exclude","value_i":"4","w":"2","weight_i":"3"}}
{"array":[],"array_state":[],"col":2,"depth":0,"heap_delta":0,"indices":[],"op":"fill_cell","parent_id":0,"row":2,"run_length":1,"step_id":47,"value":3,"vars":{"choice":"exclude","item":"2","value":"3","w":"2"}}
{"array":[],"array_state":[],"col":3,"depth":1,"from_col":3,"from_row":1,"heap_delta":0,"indices":[],"op":"depend","parent_id":0,"row":2,"run_length":1,"step_id":48,"value":3,"vars":{"item":"2","option":"exclude","value_i":"4","w":"3","weight_i":"3"}}
{"array":[],"array_state":[],"col":3,"depth":1,"from_col":0,"from_row":1,"heap_delta":0,"indices":[],"op":"depend","parent_id":0,"row":2,"run_length":1,"step_id":49,"value":4,"vars":{"from_w":"0","item":"2","option":"include","profit":"4"}}
{"array":[],"array_state":[],"col":3,"depth":0,"heap_delta":0,"indices":[],"op":"fill_cell","parent_id":0,"row":2,"run_length":1,"step_id":50,"value":4,"vars":{"choice":"include","item":"2","value":"4","w":"3"}}
{"array":[],"array_state":[],"col":4,"depth":1,"from_col":4,"from_row":1,"heap_delta":0,"indices":[],"op":"depend","parent_id":0,"row":2,"run_length":1,"step_id":51,"value":3,"vars":{"item":"2","option":"exclude","value_i":"4","w":"4","weight_i":"3"}}
{"array":[],"array_state":[],"col":4,"depth":1,"from_col":1,"from_row":1,"heap_delta":0,"indices":[],"op":"depend","parent_id":0,"row":2,"run_length":1,"step_id":52,"value":4,"vars":{"from_w":"1","item":"2","option":"include","profit":"4"}}
{"array":[],"array_state":[],"col":4,"depth":0,"heap_delta":0,"indices":[],"op":"fill_cell","parent_id":0,"row":2,"run_length":1,"step_id":53,"value":4,"vars":{"choice":"include","item":"2","value":"4","w":"4"}}
{"array":[],"array_state":[],"col":5,"depth":1,"from_col":5,"from_row":1,"heap_delta":0,"indices":[],"op":"depend","parent_id":0,"row":2,"run_length":1,"step_id":54,"value":3,"vars":{"item":"2","option":"exclude","value_i":"4","w":"5","weight_i":"3"}}
{"array":[],"array_state":[],"col":5,"depth":1,"from_col":2,"from_row":1,"heap_delta":0,"indices":[],"op":"depend","parent_id":0,"row":2,"run_length":1,"step_id":55,"value":7,"vars":{"from_w":"2","item":"2","option":"include","profit":"7"}}
{"array":[],"array_state":[],"col":5,"depth":0,"heap_delta":0,"indices":[],"op":"fill_cell","parent_id":0,"row":2,"run_length":1,"step_id":56,"value":7,"vars":{"choice":"include","item":"2","value":"7","w":"5"}}
{"array":[],"array_state":[],"col":6,"depth":1,"from_col":6,"from_row":1,"heap_delta":0,"indices":[],"op":"depend","parent_id":0,"row":2,"run_length":1,"step_id":57,"value":3,"vars":{"item":"2","option":"exclude","value_i":"4","w":"6","weight_i":"3"}}
{"array":[],"array_state":[],"col":6,"depth":1,"from_col":3,"from_row":1,"heap_delta":0,"indices":[],"op":"depend","parent_id":0,"row":2,"run_length":1,"step_id":58,"value":7,"vars":{"from_w":"3","item":"2","option":"include","profit":"7"}}
{"array":[],"array_state":[],"col":6,"depth":0,"heap_delta":0,"indices":[],"op":"fill_cell","parent_id":0,"row":2,"run_length":1,"step_id":59,"value":7,"vars":{"choice":"include","item":"2","value":"7","w":"6"}}
{"array":[],"array_state":[],"col":7,"depth":1,"from_col":7,"from_row":1,"heap_delta":0,"indices":[],"op":"depend","parent_id":0,"row":2,"run_length":1,"step_id":60,"value":3,"vars":{"item":"2","option":"exclude","value_i":"4","w":"7","weight_i":"3"}}
{"array":[],"array_state":[],"col":7,"depth":1,"from_col":4,"from_row":1,"heap_delta":0,"indices":[],"op":"depend","parent_id":0,"row":2,"run_length":1,"step_id":61,"value":7,"vars":{"from_w":"4","item":"2","option":"include","profit":"7"}}
{"array":[],"array_state":[],"col":7,"depth":0,"heap_delta":0,"indices":[],"op":"fill_cell","parent_id":0,"row":2,"run_length":1,"step_id":62,"value":7,"vars":{"choice":"include","item":"2","value":"7","w":"7"}}
{"array":[],"array_state":[],"col":8,"depth":1,"from_col":8,"from_row":1,"heap_delta":0,"indices":[],"op":"depend","parent_id":0,"row":2,"run_length":1,"step_id":63,"value":3,"vars":{"item":"2","option":"exclude","value_i":"4","w":"8","weight_i":"3"}}
{"array":[],"array_state":[],"col":8,"depth":1,"from_col":5,"from_row":1,"heap_delta":0,"indices":[],"op":"depend","parent_id":0,"row":2,"run_length":1,"step_id":64,"value":7,"vars":{"from_w":"5","item":"2","option":"include","profit":"7"}}
{"array":[],"array_state":[],"col":8,"depth":0,"heap_delta":0,"indices":[],"op":"fill_cell","parent_id":0,"row":2,"run_length":1,"step_id":65,"value":7,"vars":{"choice":"include","item":"2","value":"7","w":"8"}}
{"array":[],"array_state":[],"col":9,"depth":1,"from_col":9,"from_row":1,"heap_delta":0,"indices":[],"op":"depend","parent_id":0,"row":2,"run_length":1,"step_id":66,"value":3,"vars":{"item":"2","option":"exclude","value_i":"4","w":"9","weight_i":"3"}}
{"array":[],"array_state":[],"col":9,"depth":1,"from_col":6,"from_row":1,"heap_delta":0,"indices":[],"op":"depend","parent_id":0,"row":2,"run_length":1,"step_id":67,"value":7,"vars":{"from_w":"6","item":"2","option":"include","profit":"7"}}
{"array":[],"array_state":[],"col":9,"depth":0,"heap_delta":0,"indices":[],"op":"fill_cell","parent_id":0,"row":2,"run_length":1,"step_id":68,"value":7,"vars":{"choice":"include","item":"2","value":"7","w":"9"}}
{"array":[],"array_state":[],"col":10,"depth":1,"from_col":10,"from_row":1,"heap_delta":0,"indices":[],"op":"depend","parent_id":0,"row":2,"run_length":1,"step_id":69,"value":3,"vars":{"item":"2","option":"exclude","value_i":"4","w":"10","weight_i":"3"}}
{"array":[],"array_state":[],"col":10,"depth":1,"from_col":7,"from_row":1,"heap_delta":0,"indices":[],"op":"depend","parent_id":0,"row":2,"run_length":1,"step_id":70,"value":7,"vars":{"from_w":"7","item":"2","option":"include","profit":"7"}}
{"array":[],"array_state":[],"col":10,"depth":0,"heap_delta":0,"indices":[],"op":"fill_cell","parent_id":0,"row":2,"run_length":1,"step_id":71,"value":7,"vars":{"choice":"include","item":"2","value":"7","w":"10"}}
{"array":[],"array_state":[],"col":0,"depth":1,"from_col":0,"from_row":2,"heap_delta":0,"indices":[],"op":"depend","parent_id":0,"row":3,"run_length":1,"step_id":72,"value":0,"vars":{"item":"3","option":"exclude","value_i":"5","w":"0","weight_i":"4"}}
{"array":[],"array_state":[],"col":0,"depth":0,"heap_delta":0,"indices":[],"op":"fill_cell","parent_id":0,"row":3,"run_length":1,"step_id":73,"value":0,"vars":{"choice":"exclude","item":"3","value":"0","w":"0"}}
{"array":[],"array_state":[],"col":1,"depth":1,"from_col":1,"from_row":2,"heap_delta":0,"indices":[],"op":"depend","parent_id":0,"row":3,"run_length":1,"step_id":74,"value":0,"vars":{"item":"3","option":"exclude","value_i":"5","w":"1","weight_i":"4"}}
{"array":[],"array_state":[],"col":1,"depth":0,"heap_delta":0,"indices":[],"op":"fill_cell","parent_id":0,"row":3,"run_length":1,"step_id":75,"value":0,"vars":{"choice":"exclude","item":"3","value":"0","w":"1"}}
{"array":[],"array_state":[],"col":2,"depth":1,"from_col":2,"from_row":2,"heap_delta":0,"indices":[],"op":"depend","parent_id":0,"row":3,"run_length":1,"step_id":76,"value":3,"vars":{"item":"3","option":"exclude","value_i":"5","w":"2","weight_i":"4"}}
{"array":[],"array_state":[],"col":2,"depth":0,"heap_delta":0,"indices":[],"op":"fill_cell","parent_id":0,"row":3,"run_length":1,"step_id":77,"value":3,"vars":{"choice":"exclude","item":"3","value":"3","w":"2"}}
{"array":[],"array_state":[],"col":3,"depth":1,"from_col":3,"from_row":2,"heap_delta":0,"indices":[],"op":"depend","parent_id":0,"row":3,"run_length":1,"step_id":78,"value":4,"vars":{"item":"3","option":"exclude","value_i":"5","w":"3","weight_i":"4"}}
{"array":[],"array_state":[],"col":3,"depth":0,"heap_delta":0,"indices":[],"op":"fill_cell","parent_id":0,"row":3,"run_length":1,"step_id":79,"value":4,"vars":{"choice":"exclude","item":"3","value":"4","w":"3"}}
{"array":[],"array_state":[],"col":4,"depth":1,"from_col":4,"from_row":2,"heap_delta":0,"indices":[],"op":"depend","parent_id":0,"row":3,"run_length":1,"step_id":80,"value":4,"vars":{"item":"3","option":"exclude","value_i":"5","w":"4","weight_i":"4"}}
{"array":[],"array_state":[],"col":4,"depth":1,"from_col":0,"from_row":2,"heap_delta":0,"indices":[],"op":"depend","parent_id":0,"row":3,"run_length":1,"step_id":81,"value":5,"vars":{"from_w":"0","item":"3","option":"include","profit":"5"}}
{"array":[],"array_state":[],"col":4,"depth":0,"heap_delta":0,"indices":[],"op":"fill_cell","parent_id":0,"row":3,"run_length":1,"step_id":82,"value":5,"vars":{"choice":"include","item":"3","value":"5","w":"4"}}
{"array":[],"array_state":[],"col":5,"depth":1,"from_col":5,"from_row":2,"heap_delta":0,"indices":[],"op":"depend","parent_id":0,"row":3,"run_length":1,"step_id":83,"value":7,"vars":{"item":"3","option":"exclude","value_i":"5","w":"5","weight_i":"4"}}
{"array":[],"array_state":[],"col":5,"depth":1,"from_col":1,"from_row":2,"heap_delta":0,"indices":[],"op":"depend","parent_id":0,"row":3,"run_length":1,"step_id":84,"value":5,"vars":{"from_w":"1","item":"3","option":"include","profit":"5"}}
{"array":[],"array_state":[],"col":5,"depth":0,"heap_delta":0,"indices":[],"op":"fill_cell","parent_id":0,"row":3,"run_length":1,"step_id":85,"value":7,"vars":{"choice":"exclude","item":"3","value":"7","w":"5"}}
{"array":[],"array_state":[],"col":6,"depth":1,"from_col":6,"from_row":2,"heap_delta":0,"indices":[],"op":"depend","parent_id":0,"row":3,"run_length":1,"step_id":86,"value":7,"vars":{"item":"3","option":"exclude","value_i":"5","w":"6","weight_i":"4"}}
{"array":[],"array_state":[],"col":6,"depth":1,"from_col":2,"from_row":2,"heap_delta":0,"indices":[],"op":"depend","parent_id":0,"row":3,"run_length":1,"step_id":87,"value":8,"vars":{"from_w":"2","item":"3","option":"include","profit":"8"}}
{"array":[],"array_state":[],"col":6,"depth":0,"heap_delta":0,"indices":[],"op":"fill_cell","parent_id":0,"row":3,"run_length":1,"step_id":88,"value":8,"vars":{"choice":"include","item":"3","value":"8","w":"6"}}
{"array":[],"array_state":[],"col":7,"depth":1,"from_col":7,"from_row":2,"heap_delta":0,"indices":[],"op":"depend","parent_id":0,"row":3,"run_length":1,"step_id":89,"value":7,"vars":{"item":"3","option":"exclude","value_i":"5","w":"7","weight_i":"4"}}
{"array":[],"array_state":[],"col":7,"depth":1,"from_col":3,"from_row":2,"heap_delta":0,"indices":[],"op":"depend","parent_id":0,"row":3,"run_length":1,"step_id":90,"value":9,"vars":{"from_w":"3","item":"3","option":"include","profit":"9"}}
{"array":[],"array_state":[],"col":7,"depth":0,"heap_delta":0,"indices":[],"op":"fill_cell","parent_id":0,"row":3,"run_length":1,"step_id":91,"value":9,"vars":{"choice":"include","item":"3","value":"9","w":"7"}}
{"array":[],"array_state":[],"col":8,"depth":1,"from_col":8,"from_row":2,"heap_delta":0,"indices":[],"op":"depend","parent_id":0,"row":3,"run_length":1,"step_id":92,"value":7,"vars":{"item":"3","option":"exclude","value_i":"5","w":"8","weight_i":"4"}}
{"array":[],"array_state":[],"col":8,"depth":1,"from_col":4,"from_row":2,"heap_delta":0,"indices":[],"op":"depend","parent_id":0,"row":3,"run_length":1,"step_id":93,"value":9,"vars":{"from_w":"4","item":"3","option":"include","profit":"9"}}
{"array":[],"array_state":[],"col":8,"depth":0,"heap_delta":0,"indices":[],"op":"fill_cell","parent_id":0,"row":3,"run_length":1,"step_id":94,"value":9,"vars":{"choice":"include","item":"3","value":"9","w":"8"}}
{"array":[],"array_state":[],"col":9,"depth":1,"from_col":9,"from_row":2,"heap_delta":0,"indices":[],"op":"depend","parent_id":0,"row":3,"run_length":1,"step_id":95,"value":7,"vars":{"item":"3","option":"exclude","value_i":"5","w":"9","weight_i":"4"}}
{"array":[],"array_state":[],"col":9,"depth":1,"from_col":5,"from_row":2,"heap_delta":0,"indices":[],"op":"depend","parent_id":0,"row":3,"run_length":1,"step_id":96,"value":12,"vars":{"from_w":"5","item":"3","option":"include","profit":"12"}}
{"array":[],"array_state":[],"col":9,"depth":0,"heap_delta":0,"indices":[],"op":"fill_cell","parent_id":0,"row":3,"run_length":1,"step_id":97,"value":12,"vars":{"choice":"include","item":"3","value":"12","w":"9"}}
{"array":[],"array_state":[],"col":10,"depth":1,"from_col":10,"from_row":2,"heap_delta":0,"indices":[],"op":"depend","parent_id":0,"row":3,"run_length":1,"step_id":98,"value":7,"vars":{"item":"3","option":"exclude","value_i":"5","w":"10","weight_i":"4"}}
{"array":[],"array_state":[],"col":10,"depth":1,"from_col":6,"from_row":2,"heap_delta":0,"indices":[],"op":"depend","parent_id":0,"row":3,"run_length":1,"step_id":99,"value":12,"vars":{"from_w":"6","item":"3","option":"include","profit":"12"}}
{"array":[],"array_state":[],"col":10,"depth":0,"heap_delta":0,"indices":[],"op":"fill_cell","parent_id":0,"row":3,"run_length":1,"step_id":100,"value":12,"vars":{"choice":"include","item":"3","value":"12","w":"10"}}
{"array":[],"array_state":[],"col":0,"depth":1,"from_col":0,"from_row":3,"heap_delta":0,"indices":[],"op":"depend","parent_id":0,"row":4,"run_length":1,"step_id":101,"value":0,"vars":{"item":"4","option":"exclude","value_i":"6","w":"0","weight_i":"5"}}
{"array":[],"array_state":[],"col":0,"depth":0,"heap_delta":0,"indices":[],"op":"fill_cell","parent_id":0,"row":4,"run_length":1,"step_id":102,"value":0,"vars":{"choice":"exclude","item":"4","value":"0","w":"0"}}
{"array":[],"array_state":[],"col":1,"depth":1,"from_col":1,"from_row":3,"heap_delta":0,"indices":[],"op":"depend","parent_id":0,"row":4,"run_length":1,"step_id":103,"value":0,"vars":{"item":"4","option":"exclude","value_i":"6","w":"1","weight_i":"5"}}
{"array":[],"array_state":[],"col":1,"depth":0,"heap_delta":0,"indices":[],"op":"fill_cell","parent_id":0,"row":4,"run_length":1,"step_id":104,"value":0,"vars":{"choice":"exclude","item":"4","value":"0","w":"1"}}
{"array":[],"array_state":[],"col":2,"depth":1,"from_col":2,"from_row":3,"heap_delta":0,"indices":[],"op":"depend","parent_id":0,"row":4,"run_length":1,"step_id":105,"value":3,"vars":{"item":"4","option":"exclude","value_i":"6","w":"2","weight_i":"5"}}
{"array":[],"array_state":[],"col":2,"depth":0,"heap_delta":0,"indices":[],"op":"fill_cell","parent_id":0,"row":4,"run_length":1,"step_id":106,"value":3,"vars":{"choice":"exclude","item":"4","value":"3","w":"2"}}
{"array":[],"array_state":[],"col":3,"depth":1,"from_col":3,"from_row":3,"heap_delta":0,"indices":[],"op":"depend","parent_id":0,"row":4,"run_length":1,"step_id":107,"value":4,"vars":{"item":"4","option":"exclude","value_i":"6","w":"3","weight_i":"5"}}
{"array":[],"array_state":[],"col":3,"depth":0,"heap_delta":0,"indices":[],"op":"fill_cell","parent_id":0,"row":4,"run_length":1,"step_id":108,"value":4,"vars":{"choice":"exclude","item":"4","value":"4","w":"3"}}
{"array":[],"array_state":[],"col":4,"depth":1,"from_col":4,"from_row":3,"heap_delta":0,"indices":[],"op":"depend","parent_id":0,"row":4,"run_length":1,"step_id":109,"value":5,"vars":{"item":"4","option":"exclude","value_i":"6","w":"4","weight_i":"5"}}
{"array":[],"array_state":[],"col":4,"depth":0,"heap_delta":0,"indices":[],"op":"fill_cell","parent_id":0,"row":4,"run_length":1,"step_id":110,"value":5,"vars":{"choice":"exclude","item":"4","value":"5","w":"4"}}
{"array":[],"array_state":[],"col":5,"depth":1,"from_col":5,"from_row":3,"heap_delta":0,"indices":[],"op":"depend","parent_id":0,"row":4,"run_length":1,"step_id":111,"value":7,"vars":{"item":"4","option":"exclude","value_i":"6","w":"5","weight_i":"5"}}
{"array":[],"array_state":[],"col":5,"depth":1,"from_col":0,"from_row":3,"heap_delta":0,"indices":[],"op":"depend","parent_id":0,"row":4,"run_length":1,"step_id":112,"value":6,"vars":{"from_w":"0","item":"4","option":"include","profit":"6"}}
{"array":[],"array_state":[],"col":5,"depth":0,"heap_delta":0,"indices":[],"op":"fill_cell","parent_id":0,"row":4,"run_length":1,"step_id":113,"value":7,"vars":{"choice":"exclude","item":"4","value":"7","w":"5"}}
{"array":[],"array_state":[],"col":6,"depth":1,"from_col":6,"from_row":3,"heap_delta":0,"indices":[],"op":"depend","parent_id":0,"row":4,"run_length":1,"step_id":114,"value":8,"vars":{"item":"4","option":"exclude","value_i":"6","w":"6","weight_i":"5"}}
{"array":[],"array_state":[],"col":6,"depth":1,"from_col":1,"from_row":3,"heap_delta":0,"indices":[],"op":"depend","parent_id":0,"row":4,"run_length":1,"step_id":115,"value":6,"vars":{"from_w":"1","item":"4","option":"include","profit":"6"}}
{"array":[],"array_state":[],"col":6,"depth":0,"heap_delta":0,"indices":[],"op":"fill_cell","parent_id":0,"row":4,"run_length":1,"step_id":116,"value":8,"vars":{"choice":"exclude","item":"4","value":"8","w":"6"}}
{"array":[],"array_state":[],"col":7,"depth":1,"from_col":7,"from_row":3,"heap_delta":0,"indices":[],"op":"depend","parent_id":0,"row":4,"run_length":1,"step_id":117,"value":9,"vars":{"item":"4","option":"exclude","value_i":"6","w":"7","weight_i":"5"}}
{"array":[],"array_state":[],"col":7,"depth":1,"from_col":2,"from_row":3,"heap_delta":0,"indices":[],"op":"depend","parent_id":0,"row":4,"run_length":1,"step_id":118,"value":9,"vars":{"from_w":"2","item":"4","option":"include","profit":"9"}}
{"array":[],"array_state":[],"col":7,"depth":0,"heap_delta":0,"indices":[],"op":"fill_cell","parent_id":0,"row":4,"run_length":1,"step_id":119,"value":9,"vars":{"choice":"exclude","item":"4","value":"9","w":"7"}}
{"array":[],"array_state":[],"col":8,"depth":1,"from_col":8,"from_row":3,"heap_delta":0,"indices":[],"op":"depend","parent_id":0,"row":4,"run_length":1,"step_id":120,"value":9,"vars":{"item":"4","option":"exclude","value_i":"6","w":"8","weight_i":"5"}}
{"array":[],"array_state":[],"col":8,"depth":1,"from_col":3,"from_row":3,"heap_delta":0,"indices":[],"op":"depend","parent_id":0,"row":4,"run_length":1,"step_id":121,"value":10,"vars":{"from_w":"3","item":"4","option":"include","profit":"10"}}
{"array":[],"array_state":[],"col":8,"depth":0,"heap_delta":0,"indices":[],"op":"fill_cell","parent_id":0,"row":4,"run_length":1,"step_id":122,"value":10,"vars":{"choice":"include","item":"4","value":"10","w":"8"}}
{"array":[],"array_state":[],"col":9,"depth":1,"from_col":9,"from_row":3,"heap_delta":0,"indices":[],"op":"depend","parent_id":0,"row":4,"run_length":1,"step_id":123,"value":12,"vars":{"item":"4","option":"exclude","value_i":"6","w":"9","weight_i":"5"}}
{"array":[],"array_state":[],"col":9,"depth":1,"from_col":4,"from_row":3,"heap_delta":0,"indices":[],"op":"depend","parent_id":0,"row":4,"run_length":1,"step_id":124,"value":11,"vars":{"from_w":"4","item":"4","option":"include","profit":"11"}}
{"array":[],"array_state":[],"col":9,"depth":0,"heap_delta":0,"indices":[],"op":"fill_cell","parent_id":0,"row":4,"run_length":1,"step_id":125,"value":12,"vars":{"choice":"exclude","item":"4","value":"12","w":"9"}}
{"array":[],"array_state":[],"col":10,"depth":1,"from_col":10,"from_row":3,"heap_delta":0,"indices":[],"op":"depend","parent_id":0,"row":4,"run_length":1,"step_id":126,"value":12,"vars":{"item":"4","option":"exclude","value_i":"6","w":"10","weight_i":"5"}}
{"array":[],"array_state":[],"col":10,"depth":1,"from_col":5,"from_row":3,"heap_delta":0,"indices":[],"op":"depend","parent_id":0,"row":4,"run_length":1,"step_id":127,"value":13,"vars":{"from_w":"5","item":"4","option":"include","profit":"13"}}
{"array":[],"array_state":[],"col":10,"depth":0,"heap_delta":0,"indices":[],"op":"fill_cell","parent_id":0,"row":4,"run_length":1,"step_id":128,"value":13,"vars":{"choice":"include","item":"4","value":"13","w":"10"}}
{"array":[],"array_state":[],"col":0,"depth":1,"from_col":0,"from_row":4,"heap_delta":0,"indices":[],"op":"depend","parent_id":0,"row":5,"run_length":1,"step_id":129,"value":0,"vars":{"item":"5","option":"exclude","value_i":"2","w":"0","weight_i":"1"}}
{"array":[],"array_state":[],"col":0,"depth":0,"heap_delta":0,"indices":[],"op":"fill_cell","parent_id":0,"row":5,"run_length":1,"step_id":130,"value":0,"vars":{"choice":"exclude","item":"5","value":"0","w":"0"}}
{"array":[],"array_state":[],"col":1,"depth":1,"from_col":1,"from_row":4,"heap_delta":0,"indices":[],"op":"depend","parent_id":0,"row":5,"run_length":1,"step_id":131,"value":0,"vars":{"item":"5","option":"exclude","value_i":"2","w":"1","weight_i":"1"}}
{"array":[],"array_state":[],"col":1,"depth":1,"from_col":0,"from_row":4,"heap_delta":0,"indices":[],"op":"depend","parent_id":0,"row":5,"run_length":1,"step_id":132,"value":2,"vars":{"from_w":"0","item":"5","option":"include","profit":"2"}}
{"array":[],"array_state":[],"col":1,"depth":0,"heap_delta":0,"indices":[],"op":"fill_cell","parent_id":0,"row":5,"run_length":1,"step_id":133,"value":2,"vars":{"choice":"include","item":"5","value":"2","w":"1"}}
{"array":[],"array_state":[],"col":2,"depth":1,"from_col":2,"from_row":4,"heap_delta":0,"indices":[],"op":"depend","parent_id":0,"row":5,"run_length":1,"step_id":134,"value":3,"vars":{"item":"5","option":"exclude","value_i":"2","w":"2","weight_i":"1"}}
{"array":[],"array_state":[],"col":2,"depth":1,"from_col":1,"from_row":4,"heap_delta":0,"indices":[],"op":"depend","parent_id":0,"row":5,"run_length":1,"step_id":135,"value":2,"vars":{"from_w":"1","item":"5","option":"include","profit":"2"}}
{"array":[],"array_state":[],"col":2,"depth":0,"heap_delta":0,"indices":[],"op":"fill_cell","parent_id":0,"row":5,"run_length":1,"step_id":136,"value":3,"vars":{"choice":"exclude","item":"5","value":"3","w":"2"}}
{"array":[],"array_state":[],"col":3,"depth":1,"from_col":3,"from_row":4,"heap_delta":0,"indices":[],"op":"depend","parent_id":0,"row":5,"run_length":1,"step_id":137,"value":4,"vars":{"item":"5","option":"exclude","value_i":"2","w":"3","weight_i":"1"}}
{"array":[],"array_state":[],"col":3,"depth":1,"from_col":2,"from_row":4,"heap_delta":0,"indices":[],"op":"depend","parent_id":0,"row":5,"run_length":1,"step_id":138,"value":5,"vars":{"from_w":"2","item":"5","option":"include","profit":"5"}}
{"array":[],"array_state":[],"col":3,"depth":0,"heap_delta":0,"indices":[],"op":"fill_cell","parent_id":0,"row":5,"run_length":1,"step_id":139,"value":5,"vars":{"choice":"include","item":"5","value":"5","w":"3"}}
{"array":[],"array_state":[],"col":4,"depth":1,"from_col":4,"from_row":4,"heap_delta":0,"indices":[],"op":"depend","parent_id":0,"row":5,"run_length":1,"step_id":140,"value":5,"vars":{"item":"5","option":"exclude","value_i":"2","w":"4","weight_i":"1"}}
{"array":[],"array_state":[],"col":4,"depth":1,"from_col":3,"from_row":4,"heap_delta":0,"indices":[],"op":"depend","parent_id":0,"row":5,"run_length":1,"step_id":141,"value":6,"vars":{"from_w":"3","item":"5","option":"include","profit":"6"}}
{"array":[],"array_state":[],"col":4,"depth":0,"heap_delta":0,"indices":[],"op":"fill_cell","parent_id":0,"row":5,"run_length":1,"step_id":142,"value":6,"vars":{"choice":"include","item":"5","value":"6","w":"4"}}
{"array":[],"array_state":[],"col":5,"depth":1,"from_col":5,"from_row":4,"heap_delta":0,"indices":[],"op":"depend","parent_id":0,"row":5,"run_length":1,"step_id":143,"value":7,"vars":{"item":"5","option":"exclude","value_i":"2","w":"5","weight_i":"1"}}
{"array":[],"array_state":[],"col":5,"depth":1,"from_col":4,"from_row":4,"heap_delta":0,"indices":[],"op":"depend","parent_id":0,"row":5,"run_length":1,"step_id":144,"value":7,"vars":{"from_w":"4","item":"5","option":"include","profit":"7"}}
{"array":[],"array_state":[],"col":5,"depth":0,"heap_delta":0,"indices":[],"op":"fill_cell","parent_id":0,"row":5,"run_length":1,"step_id":145,"value":7,"vars":{"choice":"exclude","item":"5","value":"7","w":"5"}}
{"array":[],"array_state":[],"col":6,"depth":1,"from_col":6,"from_row":4,"heap_delta":0,"indices":[],"op":"depend","parent_id":0,"row":5,"run_length":1,"step_id":146,"value":8,"vars":{"item":"5","option":"exclude","value_i":"2","w":"6","weight_i":"1"}}
{"array":[],"array_state":[],"col":6,"depth":1,"from_col":5,"from_row":4,"heap_delta":0,"indices":[],"op":"depend","parent_id":0,"row":5,"run_length":1,"step_id":147,"value":9,"vars":{"from_w":"5","item":"5","option":"include","profit":"9"}}
{"array":[],"array_state":[],"col":6,"depth":0,"heap_delta":0,"indices":[],"op":"fill_cell","parent_id":0,"row":5,"run_length":1,"step_id":148,"value":9,"vars":{"choice":"include","item":"5","value":"9","w":"6"}}
{"array":[],"array_state":[],"col":7,"depth":1,"from_col":7,"from_row":4,"heap_delta":0,"indices":[],"op":"depend","parent_id":0,"row":5,"run_length":1,"step_id":149,"value":9,"vars":{"item":"5","option":"exclude","value_i":"2","w":"7","weight_i":"1"}}
{"array":[],"array_state":[],"col":7,"depth":1,"from_col":6,"from_row":4,"heap_delta":0,"indices":[],"op":"depend","parent_id":0,"row":5,"run_length":1,"step_id":150,"value":10,"vars":{"from_w":"6","item":"5","option":"include","profit":"10"}}
{"array":[],"array_state":[],"col":7,"depth":0,"heap_delta":0,"indices":[],"op":"fill_cell","parent_id":0,"row":5,"run_length":1,"step_id":151,"value":10,"vars":{"choice":"include","item":"5","value":"10","w":"7"}}
{"array":[],"array_state":[],"col":8,"depth":1,"from_col":8,"from_row":4,"heap_delta":0,"indices":[],"op":"depend","parent_id":0,"row":5,"run_length":1,"step_id":152,"value":10,"vars":{"item":"5","option":"exclude","value_i":"2","w":"8","weight_i":"1"}}
{"array":[],"array_state":[],"col":8,"depth":1,"from_col":7,"from_row":4,"heap_delta":0,"indices":[],"op":"depend","parent_id":0,"row":5,"run_length":1,"step_id":153,"value":11,"vars":{"from_w":"7","item":"5","option":"include","profit":"11"}}
{"array":[],"array_state":[],"col":8,"depth":0,"heap_delta":0,"indices":[],"op":"fill_cell","parent_id":0,"row":5,"run_length":1,"step_id":154,"value":11,"vars":{"choice":"include","item":"5","value":"11","w":"8"}}
{"array":[],"array_state":[],"col":9,"depth":1,"from_col":9,"from_row":4,"heap_delta":0,"indices":[],"op":"depend","parent_id":0,"row":5,"run_length":1,"step_id":155,"value":12,"vars":{"item":"5","option":"exclude","value_i":"2","w":"9","weight_i":"1"}}
{"array":[],"array_state":[],"col":9,"depth":1,"from_col":8,"from_row":4,"heap_delta":0,"indices":[],"op":"depend","parent_id":0,"row":5,"run_length":1,"step_id":156,"value":12,"vars":{"from_w":"8","item":"5","option":"include","profit":"12"}}
{"array":[],"array_state":[],"col":9,"depth":0,"heap_delta":0,"indices":[],"op":"fill_cell","parent_id":0,"row":5,"run_length":1,"step_id":157,"value":12,"vars":{"choice":"exclude","item":"5","value":"12","w":"9"}}
{"array":[],"array_state":[],"col":10,"depth":1,"from_col":10,"from_row":4,"heap_delta":0,"indices":[],"op":"depend","parent_id":0,"row":5,"run_length":1,"step_id":158,"value":13,"vars":{"item":"5","option":"exclude","value_i":"2","w":"10","weight_i":"1"}}
{"array":[],"array_state":[],"col":10,"depth":1,"from_col":9,"from_row":4,"heap_delta":0,"indices":[],"op":"depend","parent_id":0,"row":5,"run_length":1,"step_id":159,"value":14,"vars":{"from_w":"9","item":"5","option":"include","profit":"14"}}
{"array":[],"array_state":[],"col":10,"depth":0,"heap_delta":0,"indices":[],"op":"fill_cell","parent_id":0,"row":5,"run_length":1,"step_id":160,"value":14,"vars":{"choice":"include","item":"5","value":"14","w":"10"}}
{"array":[],"array_state":[],"col":0,"depth":1,"from_col":0,"from_row":5,"heap_delta":0,"indices":[],"op":"depend","parent_id":0,"row":6,"run_length":1,"step_id":161,"value":0,"vars":{"item":"6","option":"exclude","value_i":"0","w":"0","weight_i":"0"}}
{"array":[],"array_state":[],"col":0,"depth":1,"from_col":0,"from_row":5,"heap_delta":0,"indices":[],"op":"depend","parent_id":0,"row":6,"run_length":1,"step_id":162,"value":0,"vars":{"from_w":"0","item":"6","option":"include","profit":"0"}}
{"array":[],"array_state":[],"col":0,"depth":0,"heap_delta":0,"indices":[],"op":"fill_cell","parent_id":0,"row":6,"run_length":1,"step_id":163,"value":0,"vars":{"choice":"exclude","item":"6","value":"0","w":"0"}}
{"array":[],"array_state":[],"col":1,"depth":1,"from_col":1,"from_row":5,"heap_delta":0,"indices":[],"op":"depend","parent_id":0,"row":6,"run_length":1,"step_id":164,"value":2,"vars":{"item":"6","option":"exclude","value_i":"0","w":"1","weight_i":"0"}}
{"array":[],"array_state":[],"col":1,"depth":1,"from_col":1,"from_row":5,"heap_delta":0,"indices":[],"op":"depend","parent_id":0,"row":6,"run_length":1,"step_id":165,"value":2,"vars":{"from_w":"1","item":"6","option":"include","profit":"2"}}
{"array":[],"array_state":[],"col":1,"depth":0,"heap_delta":0,"indices":[],"op":"fill_cell","parent_id":0,"row":6,"run_length":1,"step_id":166,"value":2,"vars":{"choice":"exclude","item":"6","value":"2","w":"1"}}
{"array":[],"array_state":[],"col":2,"depth":1,"from_col":2,"from_row":5,"heap_delta":0,"indices":[],"op":"depend","parent_id":0,"row":6,"run_length":1,"step_id":167,"value":3,"vars":{"item":"6","option":"exclude","value_i":"0","w":"2","weight_i":"0"}}
{"array":[],"array_state":[],"col":2,"depth":1,"from_col":2,"from_row":5,"heap_delta":0,"indices":[],"op":"depend","parent_id":0,"row":6,"run_length":1,"step_id":168,"value":3,"vars":{"from_w":"2","item":"6","option":"include","profit":"3"}}
{"array":[],"array_state":[],"col":2,"depth":0,"heap_delta":0,"indices":[],"op":"fill_cell","parent_id":0,"row":6,"run_length":1,"step_id":169,"value":3,"vars":{"choice":"exclude","item":"6","value":"3","w":"2"}}
{"array":[],"array_state":[],"col":3,"depth":1,"from_col":3,"from_row":5,"heap_delta":0,"indices":[],"op":"depend","parent_id":0,"row":6,"run_length":1,"step_id":170,"value":5,"vars":{"item":"6","option":"exclude","value_i":"0","w":"3","weight_i":"0"}}
{"array":[],"array_state":[],"col":3,"depth":1,"from_col":3,"from_row":5,"heap_delta":0,"indices":[],"op":"depend","parent_id":0,"row":6,"run_length":1,"step_id":171,"value":5,"vars":{"from_w":"3","item":"6","option":"include","profit":"5"}}
{"array":[],"array_state":[],"col":3,"depth":0,"heap_delta":0,"indices":[],"op":"fill_cell","parent_id":0,"row":6,"run_length":1,"step_id":172,"value":5,"vars":{"choice":"exclude","item":"6","value":"5","w":"3"}}
{"array":[],"array_state":[],"col":4,"depth":1,"from_col":4,"from_row":5,"heap_delta":0,"indices":[],"op":"depend","parent_id":0,"row":6,"run_length":1,"step_id":173,"value":6,"vars":{"item":"6","option":"exclude","value_i":"0","w":"4","weight_i":"0"}}
{"array":[],"array_state":[],"col":4,"depth":1,"from_col":4,"from_row":5,"heap_delta":0,"indices":[],"op":"depend","parent_id":0,"row":6,"run_length":1,"step_id":174,"value":6,"vars":{"from_w":"4","item":"6","option":"include","profit":"6"}}
{"array":[],"array_state":[],"col":4,"depth":0,"heap_delta":0,"indices":[],"op":"fill_cell","parent_id":0,"row":6,"run_length":1,"step_id":175,"value":6,"vars":{"choice":"exclude","item":"6","value":"6","w":"4"}}
{"array":[],"array_state":[],"col":5,"depth":1,"from_col":5,"from_row":5,"heap_delta":0,"indices":[],"op":"depend","parent_id":0,"row":6,"run_length":1,"step_id":176,"value":7,"vars":{"item":"6","option":"exclude","value_i":"0","w":"5","weight_i":"0"}}
{"array":[],"array_state":[],"col":5,"depth":1,"from_col":5,"from_row":5,"heap_delta":0,"indices":[],"op":"depend","parent_id":0,"row":6,"run_length":1,"step_id":177,"value":7,"vars":{"from_w":"5","item":"6","option":"include","profit":"7"}}
{"array":[],"array_state":[],"col":5,"depth":0,"heap_delta":0,"indices":[],"op":"fill_cell","parent_id":0,"row":6,"run_length":1,"step_id":178,"value":7,"vars":{"choice":"exclude","item":"6","value":"7","w":"5"}}
{"array":[],"array_state":[],"col":6,"depth":1,"from_col":6,"from_row":5,"heap_delta":0,"indices":[],"op":"depend","parent_id":0,"row":6,"run_length":1,"step_id":179,"value":9,"vars":{"item":"6","option":"exclude","value_i":"0","w":"6","weight_i":"0"}}
{"array":[],"array_state":[],"col":6,"depth":1,"from_col":6,"from_row":5,"heap_delta":0,"indices":[],"op":"depend","parent_id":0,"row":6,"run_length":1,"step_id":180,"value":9,"vars":{"from_w":"6","item":"6","option":"include","profit":"9"}}
{"array":[],"array_state":[],"col":6,"depth":0,"heap_delta":0,"indices":[],"op":"fill_cell","parent_id":0,"row":6,"run_length":1,"step_id":181,"value":9,"vars":{"choice":"exclude","item":"6","value":"9","w":"6"}}
{"array":[],"array_state":[],"col":7,"depth":1,"from_col":7,"from_row":5,"heap_delta":0,"indices":[],"op":"depend","parent_id":0,"row":6,"run_length":1,"step_id":182,"value":10,"vars":{"item":"6","option":"exclude","value_i":"0","w":"7","weight_i":"0"}}
{"array":[],"array_state":[],"col":7,"depth":1,"from_col":7,"from_row":5,"heap_delta":0,"indices":[],"op":"depend","parent_id":0,"row":6,"run_length":1,"step_id":183,"value":10,"vars":{"from_w":"7","item":"6","option":"include","profit":"10"}}
{"array":[],"array_state":[],"col":7,"depth":0,"heap_delta":0,"indices":[],"op":"fill_cell","parent_id":0,"row":6,"run_length":1,"step_id":184,"value":10,"vars":{"choice":"exclude","item":"6","value":"10","w":"7"}}
{"array":[],"array_state":[],"col":8,"depth":1,"from_col":8,"from_row":5,"heap_delta":0,"indices":[],"op":"depend","parent_id":0,"row":6,"run_length":1,"step_id":185,"value":11,"vars":{"item":"6","option":"exclude","value_i":"0","w":"8","weight_i":"0"}}
{"array":[],"array_state":[],"col":8,"depth":1,"from_col":8,"from_row":5,"heap_delta":0,"indices":[],"op":"depend","parent_id":0,"row":6,"run_length":1,"step_id":186,"value":11,"vars":{"from_w":"8","item":"6","option":"include","profit":"11"}}
{"array":[],"array_state":[],"col":8,"depth":0,"heap_delta":0,"indices":[],"op":"fill_cell","parent_id":0,"row":6,"run_length":1,"step_id":187,"value":11,"vars":{"choice":"exclude","item":"6","value":"11","w":"8"}}
{"array":[],"array_state":[],"col":9,"depth":1,"from_col":9,"from_row":5,"heap_delta":0,"indices":[],"op":"depend","parent_id":0,"row":6,"run_length":1,"step_id":188,"value":12,"vars":{"item":"6","option":"exclude","value_i":"0","w":"9","weight_i":"0"}}
{"array":[],"array_state":[],"col":9,"depth":1,"from_col":9,"from_row":5,"heap_delta":0,"indices":[],"op":"depend","parent_id":0,"row":6,"run_length":1,"step_id":189,"value":12,"vars":{"from_w":"9","item":"6","option":"include","profit":"12"}}
{"array":[],"array_state":[],"col":9,"depth":0,"heap_delta":0,"indices":[],"op":"fill_cell","parent_id":0,"row":6,"run_length":1,"step_id":190,"value":12,"vars":{"choice":"exclude","item":"6","value":"12","w":"9"}}
{"array":[],"array_state":[],"col":10,"depth":1,"from_col":10,"from_row":5,"heap_delta":0,"indices":[],"op":"depend","parent_id":0,"row":6,"run_length":1,"step_id":191,"value":14,"vars":{"item":"6","option":"exclude","value_i":"0","w":"10","weight_i":"0"}}
{"array":[],"array_state":[],"col":10,"depth":1,"from_col":10,"from_row":5,"heap_delta":0,"indices":[],"op":"depend","parent_id":0,"row":6,"run_length":1,"step_id":192,"value":14,"vars":{"from_w":"10","item":"6","option":"include","profit":"14"}}
{"array":[],"array_state":[],"col":10,"depth":0,"heap_delta":0,"indices":[],"op":"fill_cell","parent_id":0,"row":6,"run_length":1,"step_id":193,"value":14,"vars":{"choice":"exclude","item":"6","value":"14","w":"10"}}
{"array":[],"array_state":[],"col":0,"depth":1,"from_col":0,"from_row":6,"heap_delta":0,"indices":[],"op":"depend","parent_id":0,"row":7,"run_length":1,"step_id":194,"value":0,"vars":{"item":"7","option":"exclude","value_i":"49","w":"0","weight_i":"49"}}
{"array":[],"array_state":[],"col":0,"depth":0,"heap_delta":0,"indices":[],"op":"fill_cell","parent_id":0,"row":7,"run_length":1,"step_id":195,"value":0,"vars":{"choice":"exclude","item":"7","value":"0","w":"0"}}
{"array":[],"array_state":[],"col":1,"depth":1,"from_col":1,"from_row":6,"heap_delta":0,"indices":[],"op":"depend","parent_id":0,"row":7,"run_length":1,"step_id":196,"value":2,"vars":{"item":"7","option":"exclude","value_i":"49","w":"1","weight_i":"49"}}
{"array":[],"array_state":[],"col":1,"depth":0,"heap_delta":0,"indices":[],"op":"fill_cell","parent_id":0,"row":7,"run_length":1,"step_id":197,"value":2,"vars":{"choice":"exclude","item":"7","value":"2","w":"1"}}
{"array":[],"array_state":[],"col":2,"depth":1,"from_col":2,"from_row":6,"heap_delta":0,"indices":[],"op":"depend","parent_id":0,"row":7,"run_length":1,"step_id":198,"value":3,"vars":{"item":"7","option":"exclude","value_i":"49","w":"2","weight_i":"49"}}
{"array":[],"array_state":[],"col":2,"depth":0,"heap_delta":0,"indices":[],"op":"fill_cell","parent_id":0,"row":7,"run_length":1,"step_id":199,"value":3,"vars":{"choice":"exclude","item":"7","value":"3","w":"2"}}
{"array":[],"array_state":[],"col":3,"depth":1,"from_col":3,"from_row":6,"heap_delta":0,"indices":[],"op":"depend","parent_id":0,"row":7,"run_length":1,"step_id":200,"value":5,"vars":{"item":"7","option":"exclude","value_i":"49","w":"3","weight_i":"49"}}
{"array":[],"array_state":[],"col":3,"depth":0,"heap_delta":0,"indices":[],"op":"fill_cell","parent_id":0,"row":7,"run_length":1,"step_id":201,"value":5,"vars":{"choice":"exclude","item":"7","value":"5","w":"3"}}
{"array":[],"array_state":[],"col":4,"depth":1,"from_col":4,"from_row":6,"heap_delta":0,"indices":[],"op":"depend","parent_id":0,"row":7,"run_length":1,"step_id":202,"value":6,"vars":{"item":"7","option":"exclude","value_i":"49","w":"4","weight_i":"49"}}
{"array":[],"array_state":[],"col":4,"depth":0,"heap_delta":0,"indices":[],"op":"fill_cell","parent_id":0,"row":7,"run_length":1,"step_id":203,"value":6,"vars":{"choice":"exclude","item":"7","value":"6","w":"4"}}
{"array":[],"array_state":[],"col":5,"depth":1,"from_col":5,"from_row":6,"heap_delta":0,"indices":[],"op":"depend","parent_id":0,"row":7,"run_length":1,"step_id":204,"value":7,"vars":{"item":"7","option":"exclude","value_i":"49","w":"5","weight_i":"49"}}
{"array":[],"array_state":[],"col":5,"depth":0,"heap_delta":0,"indices":[],"op":"fill_cell","parent_id":0,"row":7,"run_length":1,"step_id":205,"value":7,"vars":{"choice":"exclude","item":"7","value":"7","w":"5"}}
{"array":[],"array_state":[],"col":6,"depth":1,"from_col":6,"from_row":6,"heap_delta":0,"indices":[],"op":"depend","parent_id":0,"row":7,"run_length":1,"step_id":206,"value":9,"vars":{"item":"7","option":"exclude","value_i":"49","w":"6","weight_i":"49"}}
{"array":[],"array_state":[],"col":6,"depth":0,"heap_delta":0,"indices":[],"op":"fill_cell","parent_id":0,"row":7,"run_length":1,"step_id":207,"value":9,"vars":{"choice":"exclude","item":"7","value":"9","w":"6"}}
{"array":[],"array_state":[],"col":7,"depth":1,"from_col":7,"from_row":6,"heap_delta":0,"indices":[],"op":"depend","parent_id":0,"row":7,"run_length":1,"step_id":208,"value":10,"vars":{"item":"7","option":"exclude","value_i":"49","w":"7","weight_i":"49"}}
{"array":[],"array_state":[],"col":7,"depth":0,"heap_delta":0,"indices":[],"op":"fill_cell","parent_id":0,"row":7,"run_length":1,"step_id":209,"value":10,"vars":{"choice":"exclude","item":"7","value":"10","w":"7"}}
{"array":[],"array_state":[],"col":8,"depth":1,"from_col":8,"from_row":6,"heap_delta":0,"indices":[],"op":"depend","parent_id":0,"row":7,"run_length":1,"step_id":210,"value":11,"vars":{"item":"7","option":"exclude","value_i":"49","w":"8","weight_i":"49"}}
{"array":[],"array_state":[],"col":8,"depth":0,"heap_delta":0,"indices":[],"op":"fill_cell","parent_id":0,"row":7,"run_length":1,"step_id":211,"value":11,"vars":{"choice":"exclude","item":"7","value":"11","w":"8"}}
{"array":[],"array_state":[],"col":9,"depth":1,"from_col":9,"from_row":6,"heap_delta":0,"indices":[],"op":"depend","parent_id":0,"row":7,"run_length":1,"step_id":212,"value":12,"vars":{"item":"7","option":"exclude","value_i":"49","w":"9","weight_i":"49"}}
{"array":[],"array_state":[],"col":9,"depth":0,"heap_delta":0,"indices":[],"op":"fill_cell","parent_id":0,"row":7,"run_length":1,"step_id":213,"value":12,"vars":{"choice":"exclude","item":"7","value":"12","w":"9"}}
{"array":[],"array_state":[],"col":10,"depth":1,"from_col":10,"from_row":6,"heap_delta":0,"indices":[],"op":"depend","parent_id":0,"row":7,"run_length":1,"step_id":214,"value":14,"vars":{"item":"7","option":"exclude","value_i":"49","w":"10","weight_i":"49"}}
{"array":[],"array_state":[],"col":10,"depth":0,"heap_delta":0,"indices":[],"op":"fill_cell","parent_id":0,"row":7,"run_length":1,"step_id":215,"value":14,"vars":{"choice":"exclude","item":"7","value":"14","w":"10"}}
{"array":[],"array_state":[],"col":0,"depth":1,"from_col":0,"from_row":7,"heap_delta":0,"indices":[],"op":"depend","parent_id":0,"row":8,"run_length":1,"step_id":216,"value":0,"vars":{"item":"8","option":"exclude","value_i":"0","w":"0","weight_i":"0"}}
{"array":[],"array_state":[],"col":0,"depth":1,"from_col":0,"from_row":7,"heap_delta":0,"indices":[],"op":"depend","parent_id":0,"row":8,"run_length":1,"step_id":217,"value":0,"vars":{"from_w":"0","item":"8","option":"include","profit":"0"}}
{"array":[],"array_state":[],"col":0,"depth":0,"heap_delta":0,"indices":[],"op":"fill_cell","parent_id":0,"row":8,"run_length":1,"step_id":218,"value":0,"vars":{"choice":"exclude","item":"8","value":"0","w":"0"}}
{"array":[],"array_state":[],"col":1,"depth":1,"from_col":1,"from_row":7,"heap_delta":0,"indices":[],"op":"depend","parent_id":0,"row":8,"run_length":1,"step_id":219,"value":2,"vars":{"item":"8","option":"exclude","value_i":"0","w":"1","weight_i":"0"}}
{"array":[],"array_state":[],"col":1,"depth":1,"from_col":1,"from_row":7,"heap_delta":0,"indices":[],"op":"depend","parent_id":0,"row":8,"run_length":1,"step_id":220,"value":2,"vars":{"from_w":"1","item":"8","option":"include","profit":"2"}}
{"array":[],"array_state":[],"col":1,"depth":0,"heap_delta":0,"indices":[],"op":"fill_cell","parent_id":0,"row":8,"run_length":1,"step_id":221,"value":2,"vars":{"choice":"exclude","item":"8","value":"2","w":"1"}}
{"array":[],"array_state":[],"col":2,"depth":1,"from_col":2,"from_row":7,"heap_delta":0,"indices":[],"op":"depend","parent_id":0,"row":8,"run_length":1,"step_id":222,"value":3,"vars":{"item":"8","option":"exclude","value_i":"0","w":"2","weight_i":"0"}}
{"array":[],"array_state":[],"col":2,"depth":1,"from_col":2,"from_row":7,"heap_delta":0,"indices":[],"op":"depend","parent_id":0,"row":8,"run_length":1,"step_id":223,"value":3,"vars":{"from_w":"2","item":"8","option":"include","profit":"3"}}
{"array":[],"array_state":[],"col":2,"depth":0,"heap_delta":0,"indices":[],"op":"fill_cell","parent_id":0,"row":8,"run_length":1,"step_id":224,"value":3,"vars":{"choice":"exclude","item":"8","value":"3","w":"2"}}
{"array":[],"array_state":[],"col":3,"depth":1,"from_col":3,"from_row":7,"heap_delta":0,"indices":[],"op":"depend","parent_id":0,"row":8,"run_length":1,"step_id":225,"value":5,"vars":{"item":"8","option":"exclude","value_i":"0","w":"3","weight_i":"0"}}
{"array":[],"array_state":[],"col":3,"depth":1,"from_col":3,"from_row":7,"heap_delta":0,"indices":[],"op":"depend","parent_id":0,"row":8,"run_length":1,"step_id":226,"value":5,"vars":{"from_w":"3","item":"8","option":"include","profit":"5"}}
{"array":[],"array_state":[],"col":3,"depth":0,"heap_delta":0,"indices":[],"op":"fill_cell","parent_id":0,"row":8,"run_length":1,"step_id":227,"value":5,"vars":{"choice":"exclude","item":"8","value":"5","w":"3"}}
{"array":[],"array_state":[],"col":4,"depth":1,"from_col":4,"from_row":7,"heap_delta":0,"indices":[],"op":"depend","parent_id":0,"row":8,"run_length":1,"step_id":228,"value":6,"vars":{"item":"8","option":"exclude","value_i":"0","w":"4","weight_i":"0"}}
{"array":[],"array_state":[],"col":4,"depth":1,"from_col":4,"from_row":7,"heap_delta":0,"indices":[],"op":"depend","parent_id":0,"row":8,"run_length":1,"step_id":229,"value":6,"vars":{"from_w":"4","item":"8","option":"include","profit":"6"}}
{"array":[],"array_state":[],"col":4,"depth":0,"heap_delta":0,"indices":[],"op":"fill_cell","parent_id":0,"row":8,"run_length":1,"step_id":230,"value":6,"vars":{"choice":"exclude","item":"8","value":"6","w":"4"}}
{"array":[],"array_state":[],"col":5,"depth":1,"from_col":5,"from_row":7,"heap_delta":0,"indices":[],"op":"depend","parent_id":0,"row":8,"run_length":1,"step_id":231,"value":7,"vars":{"item":"8","option":"exclude","value_i":"0","w":"5","weight_i":"0"}}
{"array":[],"array_state":[],"col":5,"depth":1,"from_col":5,"from_row":7,"heap_delta":0,"indices":[],"op":"depend","parent_id":0,"row":8,"run_length":1,"step_id":232,"value":7,"vars":{"from_w":"5","item":"8","option":"include","profit":"7"}}
{"array":[],"array_state":[],"col":5,"depth":0,"heap_delta":0,"indices":[],"op":"fill_cell","parent_id":0,"row":8,"run_length":1,"step_id":233,"value":7,"vars":{"choice":"exclude","item":"8","value":"7","w":"5"}}
{"array":[],"array_state":[],"col":6,"depth":1,"from_col":6,"from_row":7,"heap_delta":0,"indices":[],"op":"depend","parent_id":0,"row":8,"run_length":1,"step_id":234,"value":9,"vars":{"item":"8","option":"exclude","value_i":"0","w":"6","weight_i":"0"}}
{"array":[],"array_state":[],"col":6,"depth":1,"from_col":6,"from_row":7,"heap_delta":0,"indices":[],"op":"depend","parent_id":0,"row":8,"run_length":1,"step_id":235,"value":9,"vars":{"from_w":"6","item":"8","option":"include","profit":"9"}}
{"array":[],"array_state":[],"col":6,"depth":0,"heap_delta":0,"indices":[],"op":"fill_cell","parent_id":0,"row":8,"run_length":1,"step_id":236,"value":9,"vars":{"choice":"exclude","item":"8","value":"9","w":"6"}}
{"array":[],"array_state":[],"col":7,"depth":1,"from_col":7,"from_row":7,"heap_delta":0,"indices":[],"op":"depend","parent_id":0,"row":8,"run_length":1,"step_id":237,"value":10,"vars":{"item":"8","option":"exclude","value_i":"0","w":"7","weight_i":"0"}}
{"array":[],"array_state":[],"col":7,"depth":1,"from_col":7,"from_row":7,"heap_delta":0,"indices":[],"op":"depend","parent_id":0,"row":8,"run_length":1,"step_id":238,"value":10,"vars":{"from_w":"7","item":"8","option":"include","profit":"10"}}
{"array":[],"array_state":[],"col":7,"depth":0,"heap_delta":0,"indices":[],"op":"fill_cell","parent_id":0,"row":8,"run_length":1,"step_id":239,"value":10,"vars":{"choice":"exclude","item":"8","value":"10","w":"7"}}
{"array":[],"array_state":[],"col":8,"depth":1,"from_col":8,"from_row":7,"heap_delta":0,"indices":[],"op":"depend","parent_id":0,"row":8,"run_length":1,"step_id":240,"value":11,"vars":{"item":"8","option":"exclude","value_i":"0","w":"8","weight_i":"0"}}
{"array":[],"array_state":[],"col":8,"depth":1,"from_col":8,"from_row":7,"heap_delta":0,"indices":[],"op":"depend","parent_id":0,"row":8,"run_length":1,"step_id":241,"value":11,"vars":{"from_w":"8","item":"8","option":"include","profit":"11"}}
{"array":[],"array_state":[],"col":8,"depth":0,"heap_delta":0,"indices":[],"op":"fill_cell","parent_id":0,"row":8,"run_length":1,"step_id":242,"value":11,"vars":{"choice":"exclude","item":"8","value":"11","w":"8"}}
{"array":[],"array_state":[],"col":9,"depth":1,"from_col":9,"from_row":7,"heap_delta":0,"indices":[],"op":"depend","parent_id":0,"row":8,"run_length":1,"step_id":243,"value":12,"vars":{"item":"8","option":"exclude","value_i":"0","w":"9","weight_i":"0"}}
{"array":[],"array_state":[],"col":9,"depth":1,"from_col":9,"from_row":7,"heap_delta":0,"indices":[],"op":"depend","parent_id":0,"row":8,"run_length":1,"step_id":244,"value":12,"vars":{"from_w":"9","item":"8","option":"include","profit":"12"}}
{"array":[],"array_state":[],"col":9,"depth":0,"heap_delta":0,"indices":[],"op":"fill_cell","parent_id":0,"row":8,"run_length":1,"step_id":245,"value":12,"vars":{"choice":"exclude","item":"8","value":"12","w":"9"}}
{"array":[],"array_state":[],"col":10,"depth":1,"from_col":10,"from_row":7,"heap_delta":0,"indices":[],"op":"depend","parent_id":0,"row":8,"run_length":1,"step_id":246,"value":14,"vars":{"item":"8","option":"exclude","value_i":"0","w":"10","weight_i":"0"}}
{"array":[],"array_state":[],"col":10,"depth":1,"from_col":10,"from_row":7,"heap_delta":0,"indices":[],"op":"depend","parent_id":0,"row":8,"run_length":1,"step_id":247,"value":14,"vars":{"from_w":"10","item":"8","option":"include","profit":"14"}}
{"array":[],"array_state":[],"col":10,"depth":0,"heap_delta":0,"indices":[],"op":"fill_cell","parent_id":0,"row":8,"run_length":1,"step_id":248,"value":14,"vars":{"choice":"exclude","item":"8","value":"14","w":"10"}}
{"array":[],"array_state":[],"col":0,"depth":1,"from_col":0,"from_row":8,"heap_delta":0,"indices":[],"op":"depend","parent_id":0,"row":9,"run_length":1,"step_id":249,"value":0,"vars":{"item":"9","option":"exclude","value_i":"507503776","w":"0","weight_i":"507503600"}}
{"array":[],"array_state":[],"col":0,"depth":0,"heap_delta":0,"indices":[],"op":"fill_cell","parent_id":0,"row":9,"run_length":1,"step_id":250,"value":0,"vars":{"choice":"exclude","item":"9","value":"0","w":"0"}}
{"array":[],"array_state":[],"col":1,"depth":1,"from_col":1,"from_row":8,"heap_delta":0,"indices":[],"op":"depend","parent_id":0,"row":9,"run_length":1,"step_id":251,"value":2,"vars":{"item":"9","option":"exclude","value_i":"507503776","w":"1","weight_i":"507503600"}}
{"array":[],"array_state":[],"col":1,"depth":0,"heap_delta":0,"indices":[],"op":"fill_cell","parent_id":0,"row":9,"run_length":1,"step_id":252,"value":2,"vars":{"choice":"exclude","item":"9","value":"2","w":"1"}}
{"array":[],"array_state":[],"col":2,"depth":1,"from_col":2,"from_row":8,"heap_delta":0,"indices":[],"op":"depend","parent_id":0,"row":9,"run_length":1,"step_id":253,"value":3,"vars":{"item":"9","option":"exclude","value_i":"507503776","w":"2","weight_i":"507503600"}}
{"array":[],"array_state":[],"col":2,"depth":0,"heap_delta":0,"indices":[],"op":"fill_cell","parent_id":0,"row":9,"run_length":1,"step_id":254,"value":3,"vars":{"choice":"exclude","item":"9","value":"3","w":"2"}}
{"array":[],"array_state":[],"col":3,"depth":1,"from_col":3,"from_row":8,"heap_delta":0,"indices":[],"op":"depend","parent_id":0,"row":9,"run_length":1,"step_id":255,"value":5,"vars":{"item":"9","option":"exclude","value_i":"507503776","w":"3","weight_i":"507503600"}}
{"array":[],"array_state":[],"col":3,"depth":0,"heap_delta":0,"indices":[],"op":"fill_cell","parent_id":0,"row":9,"run_length":1,"step_id":256,"value":5,"vars":{"choice":"exclude","item":"9","value":"5","w":"3"}}
{"array":[],"array_state":[],"col":4,"depth":1,"from_col":4,"from_row":8,"heap_delta":0,"indices":[],"op":"depend","parent_id":0,"row":9,"run_length":1,"step_id":257,"value":6,"vars":{"item":"9","option":"exclude","value_i":"507503776","w":"4","weight_i":"507503600"}}
{"array":[],"array_state":[],"col":4,"depth":0,"heap_delta":0,"indices":[],"op":"fill_cell","parent_id":0,"row":9,"run_length":1,"step_id":258,"value":6,"vars":{"choice":"exclude","item":"9","value":"6","w":"4"}}
{"array":[],"array_state":[],"col":5,"depth":1,"from_col":5,"from_row":8,"heap_delta":0,"indices":[],"op":"depend","parent_id":0,"row":9,"run_length":1,"step_id":259,"value":7,"vars":{"item":"9","option":"exclude","value_i":"507503776","w":"5","weight_i":"507503600"}}
{"array":[],"array_state":[],"col":5,"depth":0,"heap_delta":0,"indices":[],"op":"fill_cell","parent_id":0,"row":9,"run_length":1,"step_id":260,"value":7,"vars":{"choice":"exclude","item":"9","value":"7","w":"5"}}
{"array":[],"array_state":[],"col":6,"depth":1,"from_col":6,"from_row":8,"heap_delta":0,"indices":[],"op":"depend","parent_id":0,"row":9,"run_length":1,"step_id":261,"value":9,"vars":{"item":"9","option":"exclude","value_i":"507503776","w":"6","weight_i":"507503600"}}
{"array":[],"array_state":[],"col":6,"depth":0,"heap_delta":0,"indices":[],"op":"fill_cell","parent_id":0,"row":9,"run_length":1,"step_id":262,"value":9,"vars":{"choice":"exclude","item":"9","value":"9","w":"6"}}
{"array":[],"array_state":[],"col":7,"depth":1,"from_col":7,"from_row":8,"heap_delta":0,"indices":[],"op":"depend","parent_id":0,"row":9,"run_length":1,"step_id":263,"value":10,"vars":{"item":"9","option":"exclude","value_i":"507503776","w":"7","weight_i":"507503600"}}
{"array":[],"array_state":[],"col":7,"depth":0,"heap_delta":0,"indices":[],"op":"fill_cell","parent_id":0,"row":9,"run_length":1,"step_id":264,"value":10,"vars":{"choice":"exclude","item":"9","value":"10","w":"7"}}
{"array":[],"array_state":[],"col":8,"depth":1,"from_col":8,"from_row":8,"heap_delta":0,"indices":[],"op":"depend","parent_id":0,"row":9,"run_length":1,"step_id":265,"value":11,"vars":{"item":"9","option":"exclude","value_i":"507503776","w":"8","weight_i":"507503600"}}
{"array":[],"array_state":[],"col":8,"depth":0,"heap_delta":0,"indices":[],"op":"fill_cell","parent_id":0,"row":9,"run_length":1,"step_id":266,"value":11,"vars":{"choice":"exclude","item":"9","value":"11","w":"8"}}
{"array":[],"array_state":[],"col":9,"depth":1,"from_col":9,"from_row":8,"heap_delta":0,"indices":[],"op":"depend","parent_id":0,"row":9,"run_length":1,"step_id":267,"value":12,"vars":{"item":"9","option":"exclude","value_i":"507503776","w":"9","weight_i":"507503600"}}
{"array":[],"array_state":[],"col":9,"depth":0,"heap_delta":0,"indices":[],"op":"fill_cell","parent_id":0,"row":9,"run_length":1,"step_id":268,"value":12,"vars":{"choice":"exclude","item":"9","value":"12","w":"9"}}
{"array":[],"array_state":[],"col":10,"depth":1,"from_col":10,"from_row":8,"heap_delta":0,"indices":[],"op":"depend","parent_id":0,"row":9,"run_length":1,"step_id":269,"value":14,"vars":{"item":"9","option":"exclude","value_i":"507503776","w":"10","weight_i":"507503600"}}
{"array":[],"array_state":[],"col":10,"depth":0,"heap_delta":0,"indices":[],"op":"fill_cell","parent_id":0,"row":9,"run_length":1,"step_id":270,"value":14,"vars":{"choice":"exclude","item":"9","value":"14","w":"10"}}
{"array":[],"array_state":[],"col":0,"depth":1,"from_col":0,"from_row":9,"heap_delta":0,"indices":[],"op":"depend","parent_id":0,"row":10,"run_length":1,"step_id":271,"value":0,"vars":{"item":"10","option":"exclude","value_i":"21897","w":"0","weight_i":"21897"}}
{"array":[],"array_state":[],"col":0,"depth":0,"heap_delta":0,"indices":[],"op":"fill_cell","parent_id":0,"row":10,"run_length":1,"step_id":272,"value":0,"vars":{"choice":"exclude","item":"10","value":"0","w":"0"}}
{"array":[],"array_state":[],"col":1,"depth":1,"from_col":1,"from_row":9,"heap_delta":0,"indices":[],"op":"depend","parent_id":0,"row":10,"run_length":1,"step_id":273,"value":2,"vars":{"item":"10","option":"exclude","value_i":"21897","w":"1","weight_i":"21897"}}
{"array":[],"array_state":[],"col":1,"depth":0,"heap_delta":0,"indices":[],"op":"fill_cell","parent_id":0,"row":10,"run_length":1,"step_id":274,"value":2,"vars":{"choice":"exclude","item":"10","value":"2","w":"1"}}
{"array":[],"array_state":[],"col":2,"depth":1,"from_col":2,"from_row":9,"heap_delta":0,"indices":[],"op":"depend","parent_id":0,"row":10,"run_length":1,"step_id":275,"value":3,"vars":{"item":"10","option":"exclude","value_i":"21897","w":"2","weight_i":"21897"}}
{"array":[],"array_state":[],"col":2,"depth":0,"heap_delta":0,"indices":[],"op":"fill_cell","parent_id":0,"row":10,"run_length":1,"step_id":276,"value":3,"vars":{"choice":"exclude","item":"10","value":"3","w":"2"}}
{"array":[],"array_state":[],"col":3,"depth":1,"from_col":3,"from_row":9,"heap_delta":0,"indices":[],"op":"depend","parent_id":0,"row":10,"run_length":1,"step_id":277,"value":5,"vars":{"item":"10","option":"exclude","value_i":"21897","w":"3","weight_i":"21897"}}
{"array":[],"array_state":[],"col":3,"depth":0,"heap_delta":0,"indices":[],"op":"fill_cell","parent_id":0,"row":10,"run_length":1,"step_id":278,"value":5,"vars":{"choice":"exclude","item":"10","value":"5","w":"3"}}
{"array":[],"array_state":[],"col":4,"depth":1,"from_col":4,"from_row":9,"heap_delta":0,"indices":[],"op":"depend","parent_id":0,"row":10,"run_length":1,"step_id":279,"value":6,"vars":{"item":"10","option":"exclude","value_i":"21897","w":"4","weight_i":"21897"}}
{"array":[],"array_state":[],"col":4,"depth":0,"heap_delta":0,"indices":[],"op":"fill_cell","parent_id":0,"row":10,"run_length":1,"step_id":280,"value":6,"vars":{"choice":"exclude","item":"10","value":"6","w":"4"}}
{"array":[],"array_state":[],"col":5,"depth":1,"from_col":5,"from_row":9,"heap_delta":0,"indices":[],"op":"depend","parent_id":0,"row":10,"run_length":1,"step_id":281,"value":7,"vars":{"item":"10","option":"exclude","value_i":"21897","w":"5","weight_i":"21897"}}
{"array":[],"array_state":[],"col":5,"depth":0,"heap_delta":0,"indices":[],"op":"fill_cell","parent_id":0,"row":10,"run_length":1,"step_id":282,"value":7,"vars":{"choice":"exclude","item":"10","value":"7","w":"5"}}
{"array":[],"array_state":[],"col":6,"depth":1,"from_col":6,"from_row":9,"heap_delta":0,"indices":[],"op":"depend","parent_id":0,"row":10,"run_length":1,"step_id":283,"value":9,"vars":{"item":"10","option":"exclude","value_i":"21897","w":"6","weight_i":"21897"}}
{"array":[],"array_state":[],"col":6,"depth":0,"heap_delta":0,"indices":[],"op":"fill_cell","parent_id":0,"row":10,"run_length":1,"step_id":284,"value":9,"vars":{"choice":"exclude","item":"10","value":"9","w":"6"}}
{"array":[],"array_state":[],"col":7,"depth":1,"from_col":7,"from_row":9,"heap_delta":0,"indices":[],"op":"depend","parent_id":0,"row":10,"run_length":1,"step_id":285,"value":10,"vars":{"item":"10","option":"exclude","value_i":"21897","w":"7","weight_i":"21897"}}
{"array":[],"array_state":[],"col":7,"depth":0,"heap_delta":0,"indices":[],"op":"fill_cell","parent_id":0,"row":10,"run_length":1,"step_id":286,"value":10,"vars":{"choice":"exclude","item":"10","value":"10","w":"7"}}
{"array":[],"array_state":[],"col":8,"depth":1,"from_col":8,"from_row":9,"heap_delta":0,"indices":[],"op":"depend","parent_id":0,"row":10,"run_length":1,"step_id":287,"value":11,"vars":{"item":"10","option":"exclude","value_i":"21897","w":"8","weight_i":"21897"}}
{"array":[],"array_state":[],"col":8,"depth":0,"heap_delta":0,"indices":[],"op":"fill_cell","parent_id":0,"row":10,"run_length":1,"step_id":288,"value":11,"vars":{"choice":"exclude","item":"10","value":"11","w":"8"}}
{"array":[],"array_state":[],"col":9,"depth":1,"from_col":9,"from_row":9,"heap_delta":0,"indices":[],"op":"depend","parent_id":0,"row":10,"run_length":1,"step_id":289,"value":12,"vars":{"item":"10","option":"exclude","value_i":"21897","w":"9","weight_i":"21897"}}
{"array":[],"array_state":[],"col":9,"depth":0,"heap_delta":0,"indices":[],"op":"fill_cell","parent_id":0,"row":10,"run_length":1,"step_id":290,"value":12,"vars":{"choice":"exclude","item":"10","value":"12","w":"9"}}
{"array":[],"array_state":[],"col":10,"depth":1,"from_col":10,"from_row":9,"heap_delta":0,"indices":[],"op":"depend","parent_id":0,"row":10,"run_length":1,"step_id":291,"value":14,"vars":{"item":"10","option":"exclude","value_i":"21897","w":"10","weight_i":"21897"}}
{"array":[],"array_state":[],"col":10,"depth":0,"heap_delta":0,"indices":[],"op":"fill_cell","parent_id":0,"row":10,"run_length":1,"step_id":292,"value":14,"vars":{"choice":"exclude","item":"10","value":"14","w":"10"}}
{"array":[],"array_state":[],"col":10,"depth":0,"heap_delta":0,"indices":[],"op":"backtrack","parent_id":0,"row":10,"run_length":1,"step_id":293,"value":14,"vars":{"optimal_value":"14"}}
